// Jest Snapshot v1, https://goo.gl/fbAQLP

exports[`Form Component renders the form with all fields 1`] = `[Function]`;
